// Jest Snapshot v1, https://goo.gl/fbAQLP

exports[`Pruebas en GiftItem Debe de hacer match con el snapshot 1`] = `
<div>
  <div
    class="card"
  >
    <p>
      Akira
    </p>
    <img
      alt="Akira"
      src="https://akira.com/akira.jpg"
    />
  </div>
</div>
`;
